13:13:44 **** Incremental Build of configuration Debug for project reading_LDR_data ****
make -j12 all 
arm-none-eabi-gcc "../Core/Src/main.c" -mcpu=cortex-m3 -std=gnu11 -g3 -DDEBUG -DUSE_HAL_DRIVER -DSTM32F103xB -c -I../Core/Inc -I../Drivers/STM32F1xx_HAL_Driver/Inc/Legacy -I../Drivers/STM32F1xx_HAL_Driver/Inc -I../Drivers/CMSIS/Device/ST/STM32F1xx/Include -I../Drivers/CMSIS/Include -O0 -ffunction-sections -fdata-sections -Wall -fstack-usage -fcyclomatic-complexity -MMD -MP -MF"Core/Src/main.d" -MT"Core/Src/main.o" --specs=nano.specs -mfloat-abi=soft -mthumb -o "Core/Src/main.o"
../Core/Src/main.c: In function 'main':
../Core/Src/main.c:113:7: warning: implicit declaration of function 'sprintf' [-Wimplicit-function-declaration]
  113 |       sprintf(buffer, "LDR Value: %lu\r\n", adcValue);
      |       ^~~~~~~
../Core/Src/main.c:21:1: note: include '<stdio.h>' or provide a declaration of 'sprintf'
   20 | #include "main.h"
  +++ |+#include <stdio.h>
   21 | 
../Core/Src/main.c:113:7: warning: incompatible implicit declaration of built-in function 'sprintf' [-Wbuiltin-declaration-mismatch]
  113 |       sprintf(buffer, "LDR Value: %lu\r\n", adcValue);
      |       ^~~~~~~
../Core/Src/main.c:113:7: note: include '<stdio.h>' or provide a declaration of 'sprintf'
../Core/Src/main.c:114:52: warning: implicit declaration of function 'strlen' [-Wimplicit-function-declaration]
  114 |       HAL_UART_Transmit(&huart1, (uint8_t*)buffer, strlen(buffer), HAL_MAX_DELAY);
      |                                                    ^~~~~~
../Core/Src/main.c:21:1: note: include '<string.h>' or provide a declaration of 'strlen'
   20 | #include "main.h"
  +++ |+#include <string.h>
   21 | 
../Core/Src/main.c:114:52: warning: incompatible implicit declaration of built-in function 'strlen' [-Wbuiltin-declaration-mismatch]
  114 |       HAL_UART_Transmit(&huart1, (uint8_t*)buffer, strlen(buffer), HAL_MAX_DELAY);
      |                                                    ^~~~~~
../Core/Src/main.c:114:52: note: include '<string.h>' or provide a declaration of 'strlen'
arm-none-eabi-gcc -o "reading_LDR_data.elf" @"objects.list"   -mcpu=cortex-m3 -T"E:\STM32_Projects\Reading LDR Data\reading_LDR_data\STM32F103C8TX_FLASH.ld" --specs=nosys.specs -Wl,-Map="reading_LDR_data.map" -Wl,--gc-sections -static --specs=nano.specs -mfloat-abi=soft -mthumb -Wl,--start-group -lc -lm -Wl,--end-group
Finished building target: reading_LDR_data.elf
 
arm-none-eabi-size  reading_LDR_data.elf 
arm-none-eabi-objdump -h -S reading_LDR_data.elf  > "reading_LDR_data.list"
   text	   data	    bss	    dec	    hex	filename
  11664	     92	   2076	  13832	   3608	reading_LDR_data.elf
Finished building: default.size.stdout
 
Finished building: reading_LDR_data.list
 

13:13:45 Build Finished. 0 errors, 4 warnings. (took 760ms)

